
Last login: 2026-05-06 11:52:07 from 128.40.19.125
User "cceadan" has logged in 35 times in the past 30 days
ae6300M-22-2-2# 
ae6300M-22-2-2# 
ae6300M-22-2-2# 
ae6300M-22-2-2# terminal width 511
Invalid input: width
ae6300M-22-2-2# no page
ae6300M-22-2-2# 
ae6300M-22-2-2# configure terminal
ae6300M-22-2-2(config)# 
ae6300M-22-2-2(config)# aruba-central support-mode
ae6300M-22-2-2(config)# configure terminal
ae6300M-22-2-2(config)# interface 1/1/1
ae6300M-22-2-2(config-if)# description 387/10/001
ae6300M-22-2-2(config-if)# interface 1/1/3
ae6300M-22-2-2(config-if)# description 387/10/002
ae6300M-22-2-2(config-if)# interface 1/1/5
ae6300M-22-2-2(config-if)# description 387/10/003
ae6300M-22-2-2(config-if)# interface 1/1/7
ae6300M-22-2-2(config-if)# description 387/10/004
ae6300M-22-2-2(config-if)# interface 1/1/9
ae6300M-22-2-2(config-if)# description 387/10/005
ae6300M-22-2-2(config-if)# interface 1/1/11
ae6300M-22-2-2(config-if)# description 387/10/006
ae6300M-22-2-2(config-if)# interface 1/1/13
ae6300M-22-2-2(config-if)# description 387/10/007
ae6300M-22-2-2(config-if)# interface 1/1/15
ae6300M-22-2-2(config-if)# description 387/10/008
ae6300M-22-2-2(config-if)# interface 1/1/17
ae6300M-22-2-2(config-if)# description 387/10/009
ae6300M-22-2-2(config-if)# interface 1/1/19
ae6300M-22-2-2(config-if)# description 387/10/010
ae6300M-22-2-2(config-if)# interface 1/1/21
ae6300M-22-2-2(config-if)# description 387/10/011
ae6300M-22-2-2(config-if)# interface 1/1/23
ae6300M-22-2-2(config-if)# description 387/10/012
ae6300M-22-2-2(config-if)# interface 1/1/25
ae6300M-22-2-2(config-if)# description 387/10/013
ae6300M-22-2-2(config-if)# interface 1/1/27
ae6300M-22-2-2(config-if)# description 387/10/014
ae6300M-22-2-2(config-if)# interface 1/1/29
ae6300M-22-2-2(config-if)# description 387/10/015
ae6300M-22-2-2(config-if)# interface 1/1/31
ae6300M-22-2-2(config-if)# description 387/10/016
ae6300M-22-2-2(config-if)# interface 1/1/33
ae6300M-22-2-2(config-if)# description 387/10/017
ae6300M-22-2-2(config-if)# interface 1/1/35
ae6300M-22-2-2(config-if)# description 387/10/018
ae6300M-22-2-2(config-if)# interface 1/1/37
ae6300M-22-2-2(config-if)# description 387/10/019
ae6300M-22-2-2(config-if)# interface 1/1/39
ae6300M-22-2-2(config-if)# description 387/10/020
ae6300M-22-2-2(config-if)# interface 1/1/41
ae6300M-22-2-2(config-if)# description 387/10/021
ae6300M-22-2-2(config-if)# interface 1/1/43
ae6300M-22-2-2(config-if)# description 387/10/022
ae6300M-22-2-2(config-if)# interface 1/1/45
ae6300M-22-2-2(config-if)# description 387/10/023
ae6300M-22-2-2(config-if)# interface 1/1/47
ae6300M-22-2-2(config-if)# description 387/10/024
ae6300M-22-2-2(config-if)# interface 1/1/2
ae6300M-22-2-2(config-if)# description 387/10/025
ae6300M-22-2-2(config-if)# interface 1/1/4
ae6300M-22-2-2(config-if)# description 387/10/026
ae6300M-22-2-2(config-if)# interface 1/1/6
ae6300M-22-2-2(config-if)# description 387/10/027
ae6300M-22-2-2(config-if)# interface 1/1/8
ae6300M-22-2-2(config-if)# description 387/10/028
ae6300M-22-2-2(config-if)# interface 1/1/10
ae6300M-22-2-2(config-if)# description 387/10/029
ae6300M-22-2-2(config-if)# interface 1/1/12
ae6300M-22-2-2(config-if)# description 387/10/030
ae6300M-22-2-2(config-if)# interface 1/1/14
ae6300M-22-2-2(config-if)# description 387/10/031
ae6300M-22-2-2(config-if)# interface 1/1/16
ae6300M-22-2-2(config-if)# description 387/10/032
ae6300M-22-2-2(config-if)# interface 1/1/18
ae6300M-22-2-2(config-if)# description 387/10/033
ae6300M-22-2-2(config-if)# interface 1/1/20
ae6300M-22-2-2(config-if)# description 387/10/034
ae6300M-22-2-2(config-if)# interface 1/1/22
ae6300M-22-2-2(config-if)# description 387/10/035
ae6300M-22-2-2(config-if)# interface 1/1/24
ae6300M-22-2-2(config-if)# description 387/10/036
ae6300M-22-2-2(config-if)# interface 1/1/26
ae6300M-22-2-2(config-if)# description 387/10/037
ae6300M-22-2-2(config-if)# interface 1/1/28
ae6300M-22-2-2(config-if)# description 387/10/038
ae6300M-22-2-2(config-if)# interface 1/1/30
ae6300M-22-2-2(config-if)# description 387/10/039
ae6300M-22-2-2(config-if)# interface 1/1/32
ae6300M-22-2-2(config-if)# description 387/10/040
ae6300M-22-2-2(config-if)# interface 1/1/34
ae6300M-22-2-2(config-if)# description 387/10/041
ae6300M-22-2-2(config-if)# interface 1/1/36
ae6300M-22-2-2(config-if)# description 387/10/042
ae6300M-22-2-2(config-if)# interface 1/1/38
ae6300M-22-2-2(config-if)# description 387/10/043
ae6300M-22-2-2(config-if)# interface 1/1/40
ae6300M-22-2-2(config-if)# description 387/10/044
ae6300M-22-2-2(config-if)# interface 1/1/42
ae6300M-22-2-2(config-if)# description 387/10/045
ae6300M-22-2-2(config-if)# interface 1/1/44
ae6300M-22-2-2(config-if)# description 387/10/046
ae6300M-22-2-2(config-if)# interface 1/1/46
ae6300M-22-2-2(config-if)# description 387/10/047
ae6300M-22-2-2(config-if)# interface 1/1/48
ae6300M-22-2-2(config-if)# description 387/10/048
ae6300M-22-2-2(config-if)# interface 2/1/1
ae6300M-22-2-2(config-if)# description 387/10/049
ae6300M-22-2-2(config-if)# interface 2/1/3
ae6300M-22-2-2(config-if)# description 387/10/050
ae6300M-22-2-2(config-if)# interface 2/1/5
ae6300M-22-2-2(config-if)# description 387/10/051
ae6300M-22-2-2(config-if)# interface 2/1/7
ae6300M-22-2-2(config-if)# description 387/10/052
ae6300M-22-2-2(config-if)# interface 2/1/9
ae6300M-22-2-2(config-if)# description 387/10/053
ae6300M-22-2-2(config-if)# interface 2/1/11
ae6300M-22-2-2(config-if)# description 387/10/054
ae6300M-22-2-2(config-if)# interface 2/1/13
ae6300M-22-2-2(config-if)# description 387/10/055
ae6300M-22-2-2(config-if)# interface 2/1/15
ae6300M-22-2-2(config-if)# description 387/10/056
ae6300M-22-2-2(config-if)# interface 2/1/17
ae6300M-22-2-2(config-if)# description 387/10/057
ae6300M-22-2-2(config-if)# interface 2/1/19
ae6300M-22-2-2(config-if)# description 387/10/058
ae6300M-22-2-2(config-if)# interface 2/1/21
ae6300M-22-2-2(config-if)# description 387/10/059
ae6300M-22-2-2(config-if)# interface 2/1/23
ae6300M-22-2-2(config-if)# description 387/10/060
ae6300M-22-2-2(config-if)# interface 2/1/25
ae6300M-22-2-2(config-if)# description 387/10/061
ae6300M-22-2-2(config-if)# interface 2/1/27
ae6300M-22-2-2(config-if)# description 387/10/062
ae6300M-22-2-2(config-if)# interface 2/1/29
ae6300M-22-2-2(config-if)# description 387/10/063
ae6300M-22-2-2(config-if)# interface 2/1/31
ae6300M-22-2-2(config-if)# description 387/10/064
ae6300M-22-2-2(config-if)# interface 2/1/33
ae6300M-22-2-2(config-if)# description 387/10/065
ae6300M-22-2-2(config-if)# interface 2/1/35
ae6300M-22-2-2(config-if)# description 387/10/066
ae6300M-22-2-2(config-if)# interface 2/1/37
ae6300M-22-2-2(config-if)# description 387/10/067
ae6300M-22-2-2(config-if)# interface 2/1/39
ae6300M-22-2-2(config-if)# description 387/10/068
ae6300M-22-2-2(config-if)# interface 2/1/41
ae6300M-22-2-2(config-if)# description 387/10/069
ae6300M-22-2-2(config-if)# interface 2/1/43
ae6300M-22-2-2(config-if)# description 387/10/070
ae6300M-22-2-2(config-if)# interface 2/1/45
ae6300M-22-2-2(config-if)# description 387/10/071
ae6300M-22-2-2(config-if)# interface 2/1/47
ae6300M-22-2-2(config-if)# description 387/10/072
ae6300M-22-2-2(config-if)# interface 2/1/2
ae6300M-22-2-2(config-if)# description 387/10/073
ae6300M-22-2-2(config-if)# interface 2/1/4
ae6300M-22-2-2(config-if)# description 387/10/074
ae6300M-22-2-2(config-if)# interface 2/1/6
ae6300M-22-2-2(config-if)# description 387/10/075
ae6300M-22-2-2(config-if)# interface 2/1/8
ae6300M-22-2-2(config-if)# description 387/10/076
ae6300M-22-2-2(config-if)# interface 2/1/10
ae6300M-22-2-2(config-if)# description 387/10/077
ae6300M-22-2-2(config-if)# interface 2/1/12
ae6300M-22-2-2(config-if)# description 387/10/078
ae6300M-22-2-2(config-if)# interface 2/1/14
ae6300M-22-2-2(config-if)# description 387/10/079
ae6300M-22-2-2(config-if)# interface 2/1/16
ae6300M-22-2-2(config-if)# description 387/10/080
ae6300M-22-2-2(config-if)# interface 2/1/18
ae6300M-22-2-2(config-if)# description 387/10/081
ae6300M-22-2-2(config-if)# interface 2/1/20
ae6300M-22-2-2(config-if)# description 387/10/082
ae6300M-22-2-2(config-if)# interface 2/1/22
ae6300M-22-2-2(config-if)# description 387/10/083
ae6300M-22-2-2(config-if)# interface 2/1/24
ae6300M-22-2-2(config-if)# description 387/10/084
ae6300M-22-2-2(config-if)# interface 2/1/26
ae6300M-22-2-2(config-if)# description 387/10/085
ae6300M-22-2-2(config-if)# interface 2/1/28
ae6300M-22-2-2(config-if)# description 387/10/086
ae6300M-22-2-2(config-if)# interface 2/1/30
ae6300M-22-2-2(config-if)# description 387/10/087
ae6300M-22-2-2(config-if)# interface 2/1/32
ae6300M-22-2-2(config-if)# description 387/10/088
ae6300M-22-2-2(config-if)# interface 2/1/34
ae6300M-22-2-2(config-if)# description 387/10/089
ae6300M-22-2-2(config-if)# interface 2/1/36
ae6300M-22-2-2(config-if)# description 387/10/090
ae6300M-22-2-2(config-if)# interface 2/1/38
ae6300M-22-2-2(config-if)# description 387/10/091
ae6300M-22-2-2(config-if)# interface 2/1/40
ae6300M-22-2-2(config-if)# description 387/10/092
ae6300M-22-2-2(config-if)# interface 2/1/42
ae6300M-22-2-2(config-if)# description 387/10/093
ae6300M-22-2-2(config-if)# interface 2/1/44
ae6300M-22-2-2(config-if)# description 387/10/094
ae6300M-22-2-2(config-if)# interface 2/1/46
ae6300M-22-2-2(config-if)# description 387/10/095
ae6300M-22-2-2(config-if)# interface 2/1/48
ae6300M-22-2-2(config-if)# description 387/10/096
ae6300M-22-2-2(config-if)# interface 3/1/1
ae6300M-22-2-2(config-if)# description 387/10/097
ae6300M-22-2-2(config-if)# interface 3/1/3
ae6300M-22-2-2(config-if)# description 387/10/098
ae6300M-22-2-2(config-if)# interface 3/1/5
ae6300M-22-2-2(config-if)# description 387/10/099
ae6300M-22-2-2(config-if)# interface 3/1/7
ae6300M-22-2-2(config-if)# description 387/10/100
ae6300M-22-2-2(config-if)# interface 3/1/9
ae6300M-22-2-2(config-if)# description 387/10/101
ae6300M-22-2-2(config-if)# interface 3/1/11
ae6300M-22-2-2(config-if)# description 387/10/102
ae6300M-22-2-2(config-if)# interface 3/1/13
ae6300M-22-2-2(config-if)# description 387/10/103
ae6300M-22-2-2(config-if)# interface 3/1/15
ae6300M-22-2-2(config-if)# description 387/10/104
ae6300M-22-2-2(config-if)# interface 3/1/17
ae6300M-22-2-2(config-if)# description 387/10/105
ae6300M-22-2-2(config-if)# interface 3/1/19
ae6300M-22-2-2(config-if)# description 387/10/106
ae6300M-22-2-2(config-if)# interface 3/1/21
ae6300M-22-2-2(config-if)# description 387/10/107
ae6300M-22-2-2(config-if)# interface 3/1/23
ae6300M-22-2-2(config-if)# description 387/10/108
ae6300M-22-2-2(config-if)# interface 3/1/25
ae6300M-22-2-2(config-if)# description 387/10/109
ae6300M-22-2-2(config-if)# interface 3/1/27
ae6300M-22-2-2(config-if)# description 387/10/110
ae6300M-22-2-2(config-if)# interface 3/1/29
ae6300M-22-2-2(config-if)# description 387/10/111
ae6300M-22-2-2(config-if)# interface 3/1/31
ae6300M-22-2-2(config-if)# description 387/10/112
ae6300M-22-2-2(config-if)# interface 3/1/33
ae6300M-22-2-2(config-if)# description 387/10/113
ae6300M-22-2-2(config-if)# interface 3/1/35
ae6300M-22-2-2(config-if)# description 387/10/114
ae6300M-22-2-2(config-if)# interface 3/1/37
ae6300M-22-2-2(config-if)# description 387/10/115
ae6300M-22-2-2(config-if)# interface 3/1/39
ae6300M-22-2-2(config-if)# description 387/10/116
ae6300M-22-2-2(config-if)# interface 3/1/41
ae6300M-22-2-2(config-if)# description 387/10/117
ae6300M-22-2-2(config-if)# interface 3/1/43
ae6300M-22-2-2(config-if)# description 387/10/118
ae6300M-22-2-2(config-if)# interface 3/1/45
ae6300M-22-2-2(config-if)# description 387/10/119
ae6300M-22-2-2(config-if)# interface 3/1/47
ae6300M-22-2-2(config-if)# description 387/10/120
ae6300M-22-2-2(config-if)# interface 3/1/2
ae6300M-22-2-2(config-if)# description 387/10/121
ae6300M-22-2-2(config-if)# interface 3/1/4
ae6300M-22-2-2(config-if)# description 387/10/122
ae6300M-22-2-2(config-if)# interface 3/1/6
ae6300M-22-2-2(config-if)# description 387/10/123
ae6300M-22-2-2(config-if)# interface 3/1/8
ae6300M-22-2-2(config-if)# description 387/10/124
ae6300M-22-2-2(config-if)# interface 3/1/10
ae6300M-22-2-2(config-if)# description 387/10/125
ae6300M-22-2-2(config-if)# interface 3/1/12
ae6300M-22-2-2(config-if)# description 387/10/126
ae6300M-22-2-2(config-if)# interface 3/1/14
ae6300M-22-2-2(config-if)# description 387/10/127
ae6300M-22-2-2(config-if)# interface 3/1/16
ae6300M-22-2-2(config-if)# description 387/10/128
ae6300M-22-2-2(config-if)# interface 3/1/18
ae6300M-22-2-2(config-if)# description 387/10/129
ae6300M-22-2-2(config-if)# interface 3/1/20
ae6300M-22-2-2(config-if)# description 387/10/130
ae6300M-22-2-2(config-if)# interface 3/1/22
ae6300M-22-2-2(config-if)# description 387/10/131
ae6300M-22-2-2(config-if)# interface 3/1/24
ae6300M-22-2-2(config-if)# description 387/10/132
ae6300M-22-2-2(config-if)# interface 3/1/26
ae6300M-22-2-2(config-if)# description 387/10/133
ae6300M-22-2-2(config-if)# interface 3/1/28
ae6300M-22-2-2(config-if)# description 387/10/134
ae6300M-22-2-2(config-if)# interface 3/1/30
ae6300M-22-2-2(config-if)# description 387/10/135
ae6300M-22-2-2(config-if)# interface 3/1/32
ae6300M-22-2-2(config-if)# description 387/10/136
ae6300M-22-2-2(config-if)# interface 3/1/34
ae6300M-22-2-2(config-if)# description 387/10/137
ae6300M-22-2-2(config-if)# interface 3/1/36
ae6300M-22-2-2(config-if)# description 387/10/138
ae6300M-22-2-2(config-if)# interface 3/1/38
ae6300M-22-2-2(config-if)# description 387/10/139
ae6300M-22-2-2(config-if)# interface 3/1/40
ae6300M-22-2-2(config-if)# description 387/10/140
ae6300M-22-2-2(config-if)# interface 3/1/42
ae6300M-22-2-2(config-if)# description 387/10/141
ae6300M-22-2-2(config-if)# interface 3/1/44
ae6300M-22-2-2(config-if)# description 387/10/142
ae6300M-22-2-2(config-if)# interface 3/1/46
ae6300M-22-2-2(config-if)# description 387/10/143
ae6300M-22-2-2(config-if)# interface 3/1/48
ae6300M-22-2-2(config-if)# description 387/10/144
ae6300M-22-2-2(config-if)# interface 4/1/1
ae6300M-22-2-2(config-if)# description 387/10/145
ae6300M-22-2-2(config-if)# interface 4/1/3
ae6300M-22-2-2(config-if)# description 387/10/146
ae6300M-22-2-2(config-if)# interface 4/1/5
ae6300M-22-2-2(config-if)# description 387/10/147
ae6300M-22-2-2(config-if)# interface 4/1/7
ae6300M-22-2-2(config-if)# description 387/10/148
ae6300M-22-2-2(config-if)# interface 4/1/9
ae6300M-22-2-2(config-if)# description 387/10/149
ae6300M-22-2-2(config-if)# interface 4/1/11
ae6300M-22-2-2(config-if)# description 387/10/150
ae6300M-22-2-2(config-if)# interface 4/1/13
ae6300M-22-2-2(config-if)# description 387/10/151
ae6300M-22-2-2(config-if)# interface 4/1/15
ae6300M-22-2-2(config-if)# description 387/10/152
ae6300M-22-2-2(config-if)# interface 4/1/17
ae6300M-22-2-2(config-if)# description 387/10/153
ae6300M-22-2-2(config-if)# interface 4/1/19
ae6300M-22-2-2(config-if)# description 387/10/154
ae6300M-22-2-2(config-if)# interface 4/1/21
ae6300M-22-2-2(config-if)# description 387/10/155
ae6300M-22-2-2(config-if)# interface 4/1/23
ae6300M-22-2-2(config-if)# description 387/10/156
ae6300M-22-2-2(config-if)# interface 4/1/25
ae6300M-22-2-2(config-if)# description 387/10/157
ae6300M-22-2-2(config-if)# interface 4/1/27
ae6300M-22-2-2(config-if)# description 387/10/158
ae6300M-22-2-2(config-if)# interface 4/1/29
ae6300M-22-2-2(config-if)# description 387/10/159
ae6300M-22-2-2(config-if)# interface 4/1/31
ae6300M-22-2-2(config-if)# description 387/10/160
ae6300M-22-2-2(config-if)# interface 4/1/33
ae6300M-22-2-2(config-if)# description 387/10/161
ae6300M-22-2-2(config-if)# interface 4/1/35
ae6300M-22-2-2(config-if)# description 387/10/162
ae6300M-22-2-2(config-if)# interface 4/1/37
ae6300M-22-2-2(config-if)# description 387/10/163
ae6300M-22-2-2(config-if)# interface 4/1/39
ae6300M-22-2-2(config-if)# description 387/10/164
ae6300M-22-2-2(config-if)# interface 4/1/41
ae6300M-22-2-2(config-if)# description 387/10/165
ae6300M-22-2-2(config-if)# interface 4/1/43
ae6300M-22-2-2(config-if)# description 387/10/166
ae6300M-22-2-2(config-if)# interface 4/1/45
ae6300M-22-2-2(config-if)# description 387/10/167
ae6300M-22-2-2(config-if)# interface 4/1/47
ae6300M-22-2-2(config-if)# description 387/10/168
ae6300M-22-2-2(config-if)# interface 4/1/2
ae6300M-22-2-2(config-if)# description 387/10/169
ae6300M-22-2-2(config-if)# interface 4/1/4
ae6300M-22-2-2(config-if)# description 387/10/170
ae6300M-22-2-2(config-if)# interface 4/1/6
ae6300M-22-2-2(config-if)# description 387/10/171
ae6300M-22-2-2(config-if)# interface 4/1/8
ae6300M-22-2-2(config-if)# description 387/10/172
ae6300M-22-2-2(config-if)# interface 4/1/10
ae6300M-22-2-2(config-if)# description 387/10/173
ae6300M-22-2-2(config-if)# interface 4/1/12
ae6300M-22-2-2(config-if)# description 387/10/174
ae6300M-22-2-2(config-if)# interface 4/1/14
ae6300M-22-2-2(config-if)# description 387/10/175
ae6300M-22-2-2(config-if)# interface 4/1/16
ae6300M-22-2-2(config-if)# description 387/10/176
ae6300M-22-2-2(config-if)# interface 4/1/18
ae6300M-22-2-2(config-if)# description 387/10/177
ae6300M-22-2-2(config-if)# interface 4/1/20
ae6300M-22-2-2(config-if)# description 387/10/178
ae6300M-22-2-2(config-if)# interface 4/1/22
ae6300M-22-2-2(config-if)# description 387/10/179
ae6300M-22-2-2(config-if)# interface 4/1/24
ae6300M-22-2-2(config-if)# description 387/10/180
ae6300M-22-2-2(config-if)# interface 4/1/26
ae6300M-22-2-2(config-if)# description 387/10/181
ae6300M-22-2-2(config-if)# interface 4/1/28
ae6300M-22-2-2(config-if)# description 387/10/182
ae6300M-22-2-2(config-if)# interface 4/1/30
ae6300M-22-2-2(config-if)# description 387/10/183
ae6300M-22-2-2(config-if)# interface 4/1/32
ae6300M-22-2-2(config-if)# description 387/10/184
ae6300M-22-2-2(config-if)# interface 4/1/34
ae6300M-22-2-2(config-if)# description 387/10/185
ae6300M-22-2-2(config-if)# interface 4/1/36
ae6300M-22-2-2(config-if)# description 387/10/186
ae6300M-22-2-2(config-if)# interface 4/1/38
ae6300M-22-2-2(config-if)# description 387/10/187
ae6300M-22-2-2(config-if)# interface 4/1/40
ae6300M-22-2-2(config-if)# description 387/10/188
ae6300M-22-2-2(config-if)# interface 4/1/42
ae6300M-22-2-2(config-if)# description 387/10/189
ae6300M-22-2-2(config-if)# interface 4/1/44
ae6300M-22-2-2(config-if)# description 387/10/190
ae6300M-22-2-2(config-if)# interface 4/1/46
ae6300M-22-2-2(config-if)# description 387/10/191
ae6300M-22-2-2(config-if)# interface 4/1/48
ae6300M-22-2-2(config-if)# description 387/10/192
ae6300M-22-2-2(config-if)# interface 5/1/1
ae6300M-22-2-2(config-if)# description 387/10/193
ae6300M-22-2-2(config-if)# interface 5/1/3
ae6300M-22-2-2(config-if)# description 387/10/194
ae6300M-22-2-2(config-if)# interface 5/1/5
ae6300M-22-2-2(config-if)# description 387/10/195
ae6300M-22-2-2(config-if)# interface 5/1/7
ae6300M-22-2-2(config-if)# description 387/10/196
ae6300M-22-2-2(config-if)# interface 5/1/9
ae6300M-22-2-2(config-if)# description 387/10/197
ae6300M-22-2-2(config-if)# interface 5/1/11
ae6300M-22-2-2(config-if)# description 387/10/198
ae6300M-22-2-2(config-if)# interface 5/1/13
ae6300M-22-2-2(config-if)# description 387/10/199
ae6300M-22-2-2(config-if)# interface 5/1/15
ae6300M-22-2-2(config-if)# description 387/10/200
ae6300M-22-2-2(config-if)# interface 5/1/17
ae6300M-22-2-2(config-if)# description 387/10/201
ae6300M-22-2-2(config-if)# interface 5/1/19
ae6300M-22-2-2(config-if)# description 387/10/202
ae6300M-22-2-2(config-if)# interface 5/1/21
ae6300M-22-2-2(config-if)# description 387/10/203
ae6300M-22-2-2(config-if)# interface 5/1/23
ae6300M-22-2-2(config-if)# description 387/10/204
ae6300M-22-2-2(config-if)# interface 5/1/25
ae6300M-22-2-2(config-if)# description 387/10/205
ae6300M-22-2-2(config-if)# interface 5/1/27
ae6300M-22-2-2(config-if)# description 387/10/206
ae6300M-22-2-2(config-if)# interface 5/1/29
ae6300M-22-2-2(config-if)# description 387/10/207
ae6300M-22-2-2(config-if)# interface 5/1/31
ae6300M-22-2-2(config-if)# description 387/10/208
ae6300M-22-2-2(config-if)# interface 5/1/33
ae6300M-22-2-2(config-if)# description 387/10/209
ae6300M-22-2-2(config-if)# interface 5/1/35
ae6300M-22-2-2(config-if)# description 387/10/210
ae6300M-22-2-2(config-if)# interface 5/1/37
ae6300M-22-2-2(config-if)# description 387/10/211
ae6300M-22-2-2(config-if)# interface 5/1/39
ae6300M-22-2-2(config-if)# description 387/10/212
ae6300M-22-2-2(config-if)# interface 5/1/41
ae6300M-22-2-2(config-if)# description 387/10/213
ae6300M-22-2-2(config-if)# interface 5/1/43
ae6300M-22-2-2(config-if)# description 387/10/214
ae6300M-22-2-2(config-if)# interface 5/1/45
ae6300M-22-2-2(config-if)# description 387/10/215
ae6300M-22-2-2(config-if)# interface 5/1/47
ae6300M-22-2-2(config-if)# description 387/10/216
ae6300M-22-2-2(config-if)# interface 5/1/2
ae6300M-22-2-2(config-if)# description 387/10/217
ae6300M-22-2-2(config-if)# interface 5/1/4
ae6300M-22-2-2(config-if)# description 387/10/218
ae6300M-22-2-2(config-if)# interface 5/1/6
ae6300M-22-2-2(config-if)# description 387/10/219
ae6300M-22-2-2(config-if)# interface 5/1/8
ae6300M-22-2-2(config-if)# description 387/10/220
ae6300M-22-2-2(config-if)# interface 5/1/10
ae6300M-22-2-2(config-if)# description 387/10/221
ae6300M-22-2-2(config-if)# interface 5/1/12
ae6300M-22-2-2(config-if)# description 387/10/222
ae6300M-22-2-2(config-if)# interface 5/1/14
ae6300M-22-2-2(config-if)# description 387/10/223
ae6300M-22-2-2(config-if)# interface 5/1/16
ae6300M-22-2-2(config-if)# description 387/10/224
ae6300M-22-2-2(config-if)# interface 5/1/18
ae6300M-22-2-2(config-if)# description 387/10/225
ae6300M-22-2-2(config-if)# interface 5/1/20
ae6300M-22-2-2(config-if)# description 387/10/226
ae6300M-22-2-2(config-if)# interface 5/1/22
ae6300M-22-2-2(config-if)# description 387/10/227
ae6300M-22-2-2(config-if)# interface 5/1/24
ae6300M-22-2-2(config-if)# description 387/10/228
ae6300M-22-2-2(config-if)# interface 5/1/26
ae6300M-22-2-2(config-if)# description 387/10/229
ae6300M-22-2-2(config-if)# interface 5/1/28
ae6300M-22-2-2(config-if)# description 387/10/230
ae6300M-22-2-2(config-if)# interface 5/1/30
ae6300M-22-2-2(config-if)# description 387/10/231
ae6300M-22-2-2(config-if)# interface 5/1/32
ae6300M-22-2-2(config-if)# description 387/10/232
ae6300M-22-2-2(config-if)# interface 5/1/34
ae6300M-22-2-2(config-if)# description 387/10/233
ae6300M-22-2-2(config-if)# interface 5/1/36
ae6300M-22-2-2(config-if)# description 387/10/234
ae6300M-22-2-2(config-if)# interface 5/1/38
ae6300M-22-2-2(config-if)# description 387/10/235
ae6300M-22-2-2(config-if)# interface 5/1/40
ae6300M-22-2-2(config-if)# description 387/10/236
ae6300M-22-2-2(config-if)# interface 5/1/42
ae6300M-22-2-2(config-if)# description 387/10/237
ae6300M-22-2-2(config-if)# interface 5/1/44
ae6300M-22-2-2(config-if)# description 387/10/238
ae6300M-22-2-2(config-if)# interface 5/1/46
ae6300M-22-2-2(config-if)# description 387/10/239
ae6300M-22-2-2(config-if)# interface 5/1/48
ae6300M-22-2-2(config-if)# description 387/10/240
ae6300M-22-2-2(config-if)# interface 6/1/1
ae6300M-22-2-2(config-if)# description 387/10/241
ae6300M-22-2-2(config-if)# interface 6/1/3
ae6300M-22-2-2(config-if)# description 387/10/242
ae6300M-22-2-2(config-if)# interface 6/1/5
ae6300M-22-2-2(config-if)# description 387/10/243
ae6300M-22-2-2(config-if)# interface 6/1/7
ae6300M-22-2-2(config-if)# description 387/10/244
ae6300M-22-2-2(config-if)# interface 6/1/9
ae6300M-22-2-2(config-if)# description 387/10/245
ae6300M-22-2-2(config-if)# interface 6/1/11
ae6300M-22-2-2(config-if)# description 387/10/246
ae6300M-22-2-2(config-if)# interface 6/1/13
ae6300M-22-2-2(config-if)# description 387/10/247
ae6300M-22-2-2(config-if)# interface 6/1/15
ae6300M-22-2-2(config-if)# description 387/10/248
ae6300M-22-2-2(config-if)# interface 6/1/17
ae6300M-22-2-2(config-if)# description 387/10/249
ae6300M-22-2-2(config-if)# interface 6/1/19
ae6300M-22-2-2(config-if)# description 387/10/250
ae6300M-22-2-2(config-if)# interface 6/1/21
ae6300M-22-2-2(config-if)# description 387/10/251
ae6300M-22-2-2(config-if)# interface 6/1/23
ae6300M-22-2-2(config-if)# description 387/10/252
ae6300M-22-2-2(config-if)# interface 6/1/25
ae6300M-22-2-2(config-if)# description 387/10/253
ae6300M-22-2-2(config-if)# interface 6/1/27
ae6300M-22-2-2(config-if)# description 387/10/254
ae6300M-22-2-2(config-if)# interface 6/1/29
ae6300M-22-2-2(config-if)# description 387/10/255
ae6300M-22-2-2(config-if)# interface 6/1/31
ae6300M-22-2-2(config-if)# description 387/10/256
ae6300M-22-2-2(config-if)# interface 6/1/33
ae6300M-22-2-2(config-if)# description 387/10/257
ae6300M-22-2-2(config-if)# interface 6/1/35
ae6300M-22-2-2(config-if)# description 387/10/258
ae6300M-22-2-2(config-if)# interface 6/1/37
ae6300M-22-2-2(config-if)# description 387/10/259
ae6300M-22-2-2(config-if)# interface 6/1/39
ae6300M-22-2-2(config-if)# description 387/10/260
ae6300M-22-2-2(config-if)# interface 6/1/41
ae6300M-22-2-2(config-if)# description 387/10/261
ae6300M-22-2-2(config-if)# interface 6/1/43
ae6300M-22-2-2(config-if)# description 387/10/262
ae6300M-22-2-2(config-if)# interface 6/1/45
ae6300M-22-2-2(config-if)# description 387/10/263
ae6300M-22-2-2(config-if)# interface 6/1/47
ae6300M-22-2-2(config-if)# description 387/10/264
ae6300M-22-2-2(config-if)# interface 6/1/2
ae6300M-22-2-2(config-if)# description 387/10/265
ae6300M-22-2-2(config-if)# interface 6/1/4
ae6300M-22-2-2(config-if)# description 387/10/266
ae6300M-22-2-2(config-if)# interface 6/1/6
ae6300M-22-2-2(config-if)# description 387/10/267
ae6300M-22-2-2(config-if)# interface 6/1/8
ae6300M-22-2-2(config-if)# description 387/10/268
ae6300M-22-2-2(config-if)# interface 6/1/10
ae6300M-22-2-2(config-if)# description 387/10/269
ae6300M-22-2-2(config-if)# interface 6/1/12
ae6300M-22-2-2(config-if)# description 387/10/270
ae6300M-22-2-2(config-if)# interface 6/1/14
ae6300M-22-2-2(config-if)# description 387/10/271
ae6300M-22-2-2(config-if)# interface 6/1/16
ae6300M-22-2-2(config-if)# description 387/10/272
ae6300M-22-2-2(config-if)# interface 6/1/18
ae6300M-22-2-2(config-if)# description 387/10/273
ae6300M-22-2-2(config-if)# interface 6/1/20
ae6300M-22-2-2(config-if)# description 387/10/274
ae6300M-22-2-2(config-if)# interface 6/1/22
ae6300M-22-2-2(config-if)# description 387/10/275
ae6300M-22-2-2(config-if)# interface 6/1/24
ae6300M-22-2-2(config-if)# description 387/10/276
ae6300M-22-2-2(config-if)# interface 6/1/26
ae6300M-22-2-2(config-if)# description 387/10/277
ae6300M-22-2-2(config-if)# interface 6/1/28
ae6300M-22-2-2(config-if)# description 387/10/278
ae6300M-22-2-2(config-if)# interface 6/1/30
ae6300M-22-2-2(config-if)# description 387/10/279
ae6300M-22-2-2(config-if)# interface 6/1/32
ae6300M-22-2-2(config-if)# description 387/10/280
ae6300M-22-2-2(config-if)# interface 6/1/34
ae6300M-22-2-2(config-if)# description 387/10/281
ae6300M-22-2-2(config-if)# interface 6/1/36
ae6300M-22-2-2(config-if)# description 387/10/282
ae6300M-22-2-2(config-if)# interface 6/1/38
ae6300M-22-2-2(config-if)# description 387/10/283
ae6300M-22-2-2(config-if)# interface 6/1/40
ae6300M-22-2-2(config-if)# description 387/10/284
ae6300M-22-2-2(config-if)# interface 6/1/42
ae6300M-22-2-2(config-if)# description 387/10/285
ae6300M-22-2-2(config-if)# interface 6/1/44
ae6300M-22-2-2(config-if)# description 387/10/286
ae6300M-22-2-2(config-if)# interface 6/1/46
ae6300M-22-2-2(config-if)# description 387/10/287
ae6300M-22-2-2(config-if)# interface 6/1/48
ae6300M-22-2-2(config-if)# description 387/10/288
ae6300M-22-2-2(config-if)# interface 7/1/1
ae6300M-22-2-2(config-if)# description 387/10/289
ae6300M-22-2-2(config-if)# interface 7/1/3
ae6300M-22-2-2(config-if)# description 387/10/290
ae6300M-22-2-2(config-if)# interface 7/1/5
ae6300M-22-2-2(config-if)# description 387/10/291
ae6300M-22-2-2(config-if)# interface 7/1/7
ae6300M-22-2-2(config-if)# description 387/10/292
ae6300M-22-2-2(config-if)# interface 7/1/9
ae6300M-22-2-2(config-if)# description 387/10/293
ae6300M-22-2-2(config-if)# interface 7/1/11
ae6300M-22-2-2(config-if)# description 387/10/294
ae6300M-22-2-2(config-if)# interface 7/1/13
ae6300M-22-2-2(config-if)# description 387/10/295
ae6300M-22-2-2(config-if)# interface 7/1/15
ae6300M-22-2-2(config-if)# description 387/10/296
ae6300M-22-2-2(config-if)# interface 7/1/17
ae6300M-22-2-2(config-if)# description 387/10/297
ae6300M-22-2-2(config-if)# interface 7/1/19
ae6300M-22-2-2(config-if)# description 387/10/298
ae6300M-22-2-2(config-if)# interface 7/1/21
ae6300M-22-2-2(config-if)# description 387/10/299
ae6300M-22-2-2(config-if)# interface 7/1/23
ae6300M-22-2-2(config-if)# description 387/10/300
ae6300M-22-2-2(config-if)# interface 7/1/25
ae6300M-22-2-2(config-if)# description 387/10/301
ae6300M-22-2-2(config-if)# interface 7/1/27
ae6300M-22-2-2(config-if)# description 387/10/302
ae6300M-22-2-2(config-if)# interface 7/1/29
ae6300M-22-2-2(config-if)# description 387/10/303
ae6300M-22-2-2(config-if)# interface 7/1/31
ae6300M-22-2-2(config-if)# description 387/10/304
ae6300M-22-2-2(config-if)# interface 7/1/33
ae6300M-22-2-2(config-if)# description 387/10/305
ae6300M-22-2-2(config-if)# interface 7/1/35
ae6300M-22-2-2(config-if)# description 387/10/306
ae6300M-22-2-2(config-if)# interface 7/1/37
ae6300M-22-2-2(config-if)# description 387/10/307
ae6300M-22-2-2(config-if)# interface 7/1/39
ae6300M-22-2-2(config-if)# description 387/10/308
ae6300M-22-2-2(config-if)# interface 7/1/41
ae6300M-22-2-2(config-if)# description 387/10/309
ae6300M-22-2-2(config-if)# interface 7/1/43
ae6300M-22-2-2(config-if)# description 387/10/310
ae6300M-22-2-2(config-if)# interface 7/1/45
ae6300M-22-2-2(config-if)# description 387/10/311
ae6300M-22-2-2(config-if)# interface 7/1/47
ae6300M-22-2-2(config-if)# description 387/10/312
ae6300M-22-2-2(config-if)# interface 7/1/2
ae6300M-22-2-2(config-if)# description 387/10/313
ae6300M-22-2-2(config-if)# interface 7/1/4
ae6300M-22-2-2(config-if)# description 387/10/314
ae6300M-22-2-2(config-if)# interface 7/1/6
ae6300M-22-2-2(config-if)# description 387/10/315
ae6300M-22-2-2(config-if)# interface 7/1/8
ae6300M-22-2-2(config-if)# description 387/10/316
ae6300M-22-2-2(config-if)# interface 7/1/10
ae6300M-22-2-2(config-if)# description 387/10/317
ae6300M-22-2-2(config-if)# interface 7/1/12
ae6300M-22-2-2(config-if)# description 387/10/318
ae6300M-22-2-2(config-if)# interface 7/1/14
ae6300M-22-2-2(config-if)# description 387/10/319
ae6300M-22-2-2(config-if)# interface 7/1/16
ae6300M-22-2-2(config-if)# description 387/10/320
ae6300M-22-2-2(config-if)# interface 7/1/18
ae6300M-22-2-2(config-if)# description 387/10/321
ae6300M-22-2-2(config-if)# interface 7/1/20
ae6300M-22-2-2(config-if)# description 387/10/322
ae6300M-22-2-2(config-if)# interface 7/1/22
ae6300M-22-2-2(config-if)# description 387/10/323
ae6300M-22-2-2(config-if)# interface 7/1/24
ae6300M-22-2-2(config-if)# description 387/10/324
ae6300M-22-2-2(config-if)# interface 7/1/26
ae6300M-22-2-2(config-if)# description 387/10/325
ae6300M-22-2-2(config-if)# interface 7/1/28
ae6300M-22-2-2(config-if)# description 387/10/326
ae6300M-22-2-2(config-if)# interface 7/1/30
ae6300M-22-2-2(config-if)# description 387/10/327
ae6300M-22-2-2(config-if)# interface 7/1/32
ae6300M-22-2-2(config-if)# description 387/10/328
ae6300M-22-2-2(config-if)# interface 7/1/34
ae6300M-22-2-2(config-if)# description 387/10/329
ae6300M-22-2-2(config-if)# interface 7/1/36
ae6300M-22-2-2(config-if)# description 387/10/330
ae6300M-22-2-2(config-if)# interface 7/1/38
ae6300M-22-2-2(config-if)# description 387/10/331
ae6300M-22-2-2(config-if)# interface 7/1/40
ae6300M-22-2-2(config-if)# description 387/10/332
ae6300M-22-2-2(config-if)# interface 7/1/42
ae6300M-22-2-2(config-if)# description 387/10/333
ae6300M-22-2-2(config-if)# interface 7/1/44
ae6300M-22-2-2(config-if)# description 387/10/334
ae6300M-22-2-2(config-if)# interface 7/1/46
ae6300M-22-2-2(config-if)# description 387/10/335
ae6300M-22-2-2(config-if)# interface 7/1/48
ae6300M-22-2-2(config-if)# description 387/10/336
ae6300M-22-2-2(config-if)# 
ae6300M-22-2-2(config-if)# end
ae6300M-22-2-2# 
ae6300M-22-2-2# write memory

Copying configuration: [\] 
Copying configuration: [|] 
Copying configuration: [/] 
Copying configuration: [-] 
Copying configuration: [\] 
Copying configuration: [|] 
Copying configuration: [/] 
Copying configuration: [-] 
Copying configuration: [\] 
Copying configuration: [|] 
Copying configuration: [/] 
Copying configuration: [-] 
Copying configuration: [\] 
Copying configuration: [|] 
Copying configuration: [/] 
Copying configuration: [-] 
Copying configuration: [\] 
Copying configuration: [|] 
Copying configuration: [/] 
Copying configuration: [-] 
Copying configuration: [\] 
Copying configuration: [|] 
Copying configuration: [/] 
Copying configuration: [-] 
Copying configuration: [\] 
Copying configuration: [|] 
Copying configuration: [/] 
Copying configuration: [-] 
Copying configuration: [\] 
Copying configuration: [Success]
ae6300M-22-2-2# 
ae6300M-22-2-2# logout
Invalid input: logout
ae6300M-22-2-2# 